// Jest Snapshot v1, https://goo.gl/fbAQLP

exports[`LoginForm renders form and h1 1`] = `
<h1>
  Hello
</h1>
`;
