// Jest Snapshot v1, https://goo.gl/fbAQLP

exports[`MessageHeader Component should render groupname of the group selected 1`] = `
<MessageHeader
  groupName="Random"
>
  <div
    className="row"
  >
    <div
      className="col s12"
    >
      <span>
        <h5
          className="green-text text-darken-4 card"
          id="welcome-header"
        >
          <strong>
            Random
          </strong>
        </h5>
      </span>
    </div>
  </div>
</MessageHeader>
`;
