// Jest Snapshot v1, https://goo.gl/fbAQLP

exports[`PreLoader Component should always render a div 1`] = `
<PreLoader>
  <div
    className="container"
  >
    <div
      className="col s3 offset-s4 my-preloader"
    >
      <div
        className="valign-wrapper preloader-wrapper active"
      >
        <div
          className="spinner-layer spinner-red-only"
        >
          <div
            className="circle-clipper left"
          >
            <div
              className="circle"
            />
          </div>
          <div
            className="gap-patch"
          >
            <div
              className="circle"
            />
          </div>
          <div
            className="circle-clipper right"
          >
            <div
              className="circle"
            />
          </div>
        </div>
      </div>
    </div>
  </div>
</PreLoader>
`;
