// Jest Snapshot v1, https://goo.gl/fbAQLP

exports[`SideNav Component should render a sidenav component 1`] = `
<SideNav
  currentUser={
    Object {
      "email": "phemmzmcllroy@gmail.com",
      "username": "phemmz",
    }
  }
>
  <ul
    className="side-nav groupdetails-nav"
    id="slide-out"
  >
    <li>
      <h5
        className="white-text name user-size"
      >
        phemmz
      </h5>
    </li>
    <li>
      <h5
        className="white-text email user-size"
      >
        phemmzmcllroy@gmail.com
      </h5>
    </li>
    <li>
      <a
        className="waves-effect waves-light green nav-anchor"
        href="#!"
      >
        <i
          aria-hidden="true"
          className="fa fa-users snav"
        />
        Members
      </a>
    </li>
    <li>
      <div
        className="divider"
      />
    </li>
    <li>
      <a
        className="waves-effect waves-light green nav-anchor modal-trigger"
        href="#addUser"
      >
        <i
          aria-hidden="true"
          className="fa fa-user-plus snav"
        />
        Add User
      </a>
    </li>
  </ul>
</SideNav>
`;
