// Jest Snapshot v1, https://goo.gl/fbAQLP

exports[`SideNav Component should always render ul 1`] = `
<SideNav
  currentUser={
    Object {
      "email": "femz@gmail.com",
      "id": 1,
      "password": "123456",
      "phoneNo": "08012345678",
      "token": "1212112",
      "username": "femz",
    }
  }
>
  <ul
    className="side-nav groupdetails-nav"
    id="slide-out"
  >
    <li>
      <h5
        className="white-text name user-size current-username"
      >
        femz
      </h5>
    </li>
    <li>
      <h5
        className="white-text email user-size current-email"
      >
        femz@gmail.com
      </h5>
    </li>
    <li>
      <Link
        className="waves-effect waves-light green nav-anchor"
        onlyActiveOnIndex={false}
        style={Object {}}
        to="/members"
      >
        <a
          className="waves-effect waves-light green nav-anchor"
          onClick={[Function]}
          style={Object {}}
        >
          <i
            aria-hidden="true"
            className="fa fa-users snav"
          />
          Members
        </a>
      </Link>
    </li>
    <li>
      <div
        className="divider"
      />
    </li>
    <li>
      <a
        className="waves-effect waves-light green nav-anchor modal-trigger"
        href="#addUser"
      >
        <i
          aria-hidden="true"
          className="fa fa-user-plus snav"
        />
        Add User
      </a>
    </li>
  </ul>
</SideNav>
`;
